[     286ms] [INFO] %cDownload the React DevTools for a better development experience: https://react.dev/link/react-devtools font-weight:bold @ http://localhost:3000/_next/static/chunks/node_modules_next_dist_115brz8._.js:2431
[     310ms] [LOG] [HMR] connected @ http://localhost:3000/_next/static/chunks/node_modules_next_dist_115brz8._.js:2431
[    1085ms] [WARNING] adgb - not initialized. @ https://cdn.taboola.com/libtrc/disqus-widget-safetylevel20longtail09/loader.js:0
[    1105ms] [WARNING] adgb - not initialized. @ https://cdn.taboola.com/libtrc/disqus-widget-safetylevel20longtail09/loader.js:0
[    1548ms] [INFO] Loading the script 'https://www.gstatic.com/_/mss/boq-identity/_/js/k=boq-identity.IdpIFrameHttp.en_US.PJdBGrPSa9U.2018.O/am=BCAADQ/d=1/rs=AOaEmlHqgYV480NNkkpShYTqCdfBFtsmag/m=base' violates the following Content Security Policy directive: "script-src 'unsafe-inline' 'unsafe-eval' blob: data:". Note that 'script-src-elem' was not explicitly set, so 'script-src' is used as a fallback. The policy is report-only, so the violation has been logged but no further action has been taken. @ https://accounts.google.com/o/oauth2/iframe#origin=https%3A%2F%2Fdisqus.com&rpcToken=1993828359.5262196&clearCache=1&supportBlocked3PCookies=1:0
[    1568ms] [WARNING] Your client application uses libraries for user authentication or authorization that are deprecated. See the [Migration Guide](https://developers.google.com/identity/gsi/web/guides/gis-migration) for more information. @ https://c.disquscdn.com/next/embed/common.bundle.b55d27c570b9a1d7c55230a121a02945.js:6
[    1571ms] [ERROR] Failed to load resource: net::ERR_NAME_NOT_RESOLVED @ https://pxl.connexity.net/c/cse?a=R&A=22c&D=569a&V=9&I0k=ptnrid&I0v=87c343b5-7cf3-4d84-87b6-02f69f38c33f-tuct113aff8e:0
[    1593ms] [ERROR] Failed to load resource: net::ERR_NAME_NOT_RESOLVED @ https://pxl.connexity.net/c/cse?a=R&A=22c&D=569a&V=9&I0k=ptnrid&I0v=87c343b5-7cf3-4d84-87b6-02f69f38c33f-tuct113aff8e:0
[    1615ms] [ERROR] Failed to load resource: the server responded with a status of 400 () @ https://accounts.google.com/_/IdpIFrameHttp/cspreport/fine-allowlist:0
[    1649ms] [ERROR] Refused to execute script from 'https://cm.g.doubleclick.net/pixel?google_nid=contextweb&google_cm&google_sc&google_hm=bGJHQ1Y5a0VqYlRLMlA1RWt5ZDkwQQ&gdpr=&gdpr_consent=' because its MIME type ('image/png') is not executable. @ http://tempest.services.disqus.com/ads-iframe/taboola/?position=top&shortname=colorwaysports&experiment=network_default&variant=fallthrough&service=dynamic&anchorColor=%23333333&colorScheme=light&sourceUrl=https%3A%2F%2Fwww.colorwaysports.com%2Fstories%2Fnba-draft-2026-rookies-new-uniforms&typeface=sans-serif&canonicalUrl=https%3A%2F%2Fwww.colorwaysports.com%2Fstories%2Fnba-draft-2026-rookies-new-uniforms&disqus_version=current&sourceless=false:0
[    1649ms] Object
[    1687ms] [ERROR] Refused to execute script from 'https://cm.g.doubleclick.net/pixel?google_nid=contextweb&google_cm&google_sc&google_hm=bGJHQ1Y5a0VqYlRLMlA1RWt5ZDkwQQ&gdpr=&gdpr_consent=' because its MIME type ('image/png') is not executable. @ http://tempest.services.disqus.com/ads-iframe/taboola/?position=bottom&shortname=colorwaysports&experiment=network_default&variant=fallthrough&service=dynamic&anchorColor=%23333333&colorScheme=light&sourceUrl=https%3A%2F%2Fwww.colorwaysports.com%2Fstories%2Fnba-draft-2026-rookies-new-uniforms&typeface=sans-serif&canonicalUrl=https%3A%2F%2Fwww.colorwaysports.com%2Fstories%2Fnba-draft-2026-rookies-new-uniforms&disqus_version=current&sourceless=false:0
[    1687ms] Object
[    2233ms] [ERROR] Failed to load resource: net::ERR_NAME_NOT_RESOLVED @ https://gixel.gnetwork.me/?giaudi_id=87c343b5-7cf3-4d84-87b6-02f69f38c33f-tuct113aff8e:0
[    2250ms] [ERROR] Failed to load resource: net::ERR_NAME_NOT_RESOLVED @ https://gixel.gnetwork.me/?giaudi_id=87c343b5-7cf3-4d84-87b6-02f69f38c33f-tuct113aff8e:0
[   18794ms] [ERROR] Failed to load resource: net::ERR_NAME_NOT_RESOLVED @ https://82e6e.net/ad/g/1?nw=536174&prof=536174:fw_ssp_taboolaemeanetwork_web-webmobile-js:0
[   18806ms] [ERROR] Failed to load resource: net::ERR_NAME_NOT_RESOLVED @ https://82e6e.net/ad/g/1?nw=536174&prof=536174:fw_ssp_taboolaemeanetwork_web-webmobile-js:0
[   58102ms] [ERROR] Failed to load resource: the server responded with a status of 404 () @ https://id5-sync.com/k/1364.gif?TruAudienceID=E1:s8_dpUTaZGpSLJjVhpHDO8VG-QJ57bJ56CwyBB8i8Z0s8eT__Aj92LEa4U6rGLxQxmBTec3ejo6YOl5WDow4QDS0CKsl1PF_rFzALzdTPsk:0
[   76769ms] [ERROR] Failed to load resource: net::ERR_CONNECTION_TIMED_OUT @ https://pixel.advertising.com/ups/55973/sync?uid=87c343b5-7cf3-4d84-87b6-02f69f38c33f-tuct113aff8e&_origin=1:0
[   77022ms] [ERROR] Failed to load resource: net::ERR_CONNECTION_TIMED_OUT @ https://pixel.advertising.com/ups/55973/sync?uid=87c343b5-7cf3-4d84-87b6-02f69f38c33f-tuct113aff8e&_origin=1:0
